Archive member included to satisfy reference by file (symbol)

C:/ST/STM32CubeIDE_2.0.0/STM32CubeIDE/plugins/com.st.stm32cube.ide.mcu.externaltools.gnu-tools-for-stm32.13.3.rel1.win32_1.0.100.202509120712/tools/bin/../lib/gcc/arm-none-eabi/13.3.1/../../../../arm-none-eabi/lib/thumb/v7e-m+fp/hard\libc_nano.a(libc_a-exit.o)
                              C:/ST/STM32CubeIDE_2.0.0/STM32CubeIDE/plugins/com.st.stm32cube.ide.mcu.externaltools.gnu-tools-for-stm32.13.3.rel1.win32_1.0.100.202509120712/tools/bin/../lib/gcc/arm-none-eabi/13.3.1/../../../../arm-none-eabi/lib/thumb/v7e-m+fp/hard/crt0.o (exit)
C:/ST/STM32CubeIDE_2.0.0/STM32CubeIDE/plugins/com.st.stm32cube.ide.mcu.externaltools.gnu-tools-for-stm32.13.3.rel1.win32_1.0.100.202509120712/tools/bin/../lib/gcc/arm-none-eabi/13.3.1/../../../../arm-none-eabi/lib/thumb/v7e-m+fp/hard\libc_nano.a(libc_a-findfp.o)
                              C:/ST/STM32CubeIDE_2.0.0/STM32CubeIDE/plugins/com.st.stm32cube.ide.mcu.externaltools.gnu-tools-for-stm32.13.3.rel1.win32_1.0.100.202509120712/tools/bin/../lib/gcc/arm-none-eabi/13.3.1/../../../../arm-none-eabi/lib/thumb/v7e-m+fp/hard\libc_nano.a(libc_a-exit.o) (__stdio_exit_handler)
C:/ST/STM32CubeIDE_2.0.0/STM32CubeIDE/plugins/com.st.stm32cube.ide.mcu.externaltools.gnu-tools-for-stm32.13.3.rel1.win32_1.0.100.202509120712/tools/bin/../lib/gcc/arm-none-eabi/13.3.1/../../../../arm-none-eabi/lib/thumb/v7e-m+fp/hard\libc_nano.a(libc_a-fwalk.o)
                              C:/ST/STM32CubeIDE_2.0.0/STM32CubeIDE/plugins/com.st.stm32cube.ide.mcu.externaltools.gnu-tools-for-stm32.13.3.rel1.win32_1.0.100.202509120712/tools/bin/../lib/gcc/arm-none-eabi/13.3.1/../../../../arm-none-eabi/lib/thumb/v7e-m+fp/hard\libc_nano.a(libc_a-findfp.o) (_fwalk_sglue)
C:/ST/STM32CubeIDE_2.0.0/STM32CubeIDE/plugins/com.st.stm32cube.ide.mcu.externaltools.gnu-tools-for-stm32.13.3.rel1.win32_1.0.100.202509120712/tools/bin/../lib/gcc/arm-none-eabi/13.3.1/../../../../arm-none-eabi/lib/thumb/v7e-m+fp/hard\libc_nano.a(libc_a-stdio.o)
                              C:/ST/STM32CubeIDE_2.0.0/STM32CubeIDE/plugins/com.st.stm32cube.ide.mcu.externaltools.gnu-tools-for-stm32.13.3.rel1.win32_1.0.100.202509120712/tools/bin/../lib/gcc/arm-none-eabi/13.3.1/../../../../arm-none-eabi/lib/thumb/v7e-m+fp/hard\libc_nano.a(libc_a-findfp.o) (__sread)
C:/ST/STM32CubeIDE_2.0.0/STM32CubeIDE/plugins/com.st.stm32cube.ide.mcu.externaltools.gnu-tools-for-stm32.13.3.rel1.win32_1.0.100.202509120712/tools/bin/../lib/gcc/arm-none-eabi/13.3.1/../../../../arm-none-eabi/lib/thumb/v7e-m+fp/hard\libc_nano.a(libc_a-memset.o)
                              C:/ST/STM32CubeIDE_2.0.0/STM32CubeIDE/plugins/com.st.stm32cube.ide.mcu.externaltools.gnu-tools-for-stm32.13.3.rel1.win32_1.0.100.202509120712/tools/bin/../lib/gcc/arm-none-eabi/13.3.1/../../../../arm-none-eabi/lib/thumb/v7e-m+fp/hard/crt0.o (memset)
C:/ST/STM32CubeIDE_2.0.0/STM32CubeIDE/plugins/com.st.stm32cube.ide.mcu.externaltools.gnu-tools-for-stm32.13.3.rel1.win32_1.0.100.202509120712/tools/bin/../lib/gcc/arm-none-eabi/13.3.1/../../../../arm-none-eabi/lib/thumb/v7e-m+fp/hard\libc_nano.a(libc_a-closer.o)
                              C:/ST/STM32CubeIDE_2.0.0/STM32CubeIDE/plugins/com.st.stm32cube.ide.mcu.externaltools.gnu-tools-for-stm32.13.3.rel1.win32_1.0.100.202509120712/tools/bin/../lib/gcc/arm-none-eabi/13.3.1/../../../../arm-none-eabi/lib/thumb/v7e-m+fp/hard\libc_nano.a(libc_a-stdio.o) (_close_r)
C:/ST/STM32CubeIDE_2.0.0/STM32CubeIDE/plugins/com.st.stm32cube.ide.mcu.externaltools.gnu-tools-for-stm32.13.3.rel1.win32_1.0.100.202509120712/tools/bin/../lib/gcc/arm-none-eabi/13.3.1/../../../../arm-none-eabi/lib/thumb/v7e-m+fp/hard\libc_nano.a(libc_a-reent.o)
                              C:/ST/STM32CubeIDE_2.0.0/STM32CubeIDE/plugins/com.st.stm32cube.ide.mcu.externaltools.gnu-tools-for-stm32.13.3.rel1.win32_1.0.100.202509120712/tools/bin/../lib/gcc/arm-none-eabi/13.3.1/../../../../arm-none-eabi/lib/thumb/v7e-m+fp/hard\libc_nano.a(libc_a-closer.o) (errno)
C:/ST/STM32CubeIDE_2.0.0/STM32CubeIDE/plugins/com.st.stm32cube.ide.mcu.externaltools.gnu-tools-for-stm32.13.3.rel1.win32_1.0.100.202509120712/tools/bin/../lib/gcc/arm-none-eabi/13.3.1/../../../../arm-none-eabi/lib/thumb/v7e-m+fp/hard\libc_nano.a(libc_a-impure.o)
                              C:/ST/STM32CubeIDE_2.0.0/STM32CubeIDE/plugins/com.st.stm32cube.ide.mcu.externaltools.gnu-tools-for-stm32.13.3.rel1.win32_1.0.100.202509120712/tools/bin/../lib/gcc/arm-none-eabi/13.3.1/../../../../arm-none-eabi/lib/thumb/v7e-m+fp/hard\libc_nano.a(libc_a-reent.o) (_impure_ptr)
C:/ST/STM32CubeIDE_2.0.0/STM32CubeIDE/plugins/com.st.stm32cube.ide.mcu.externaltools.gnu-tools-for-stm32.13.3.rel1.win32_1.0.100.202509120712/tools/bin/../lib/gcc/arm-none-eabi/13.3.1/../../../../arm-none-eabi/lib/thumb/v7e-m+fp/hard\libc_nano.a(libc_a-lseekr.o)
[...]
Memory Configuration

Name             Origin             Length             Attributes
FLASH            0x08000000         0x00080000         xr
RAM              0x20000000         0x00020000         xrw
*default*        0x00000000         0xffffffff

Linker script and memory map

LOAD C:/ST/STM32CubeIDE_2.0.0/STM32CubeIDE/plugins/com.st.stm32cube.ide.mcu.externaltools.gnu-tools-for-stm32.13.3.rel1.win32_1.0.100.202509120712/tools/bin/../lib/gcc/arm-none-eabi/13.3.1/thumb/v7e-m+fp/hard/crti.o
LOAD C:/ST/STM32CubeIDE_2.0.0/STM32CubeIDE/plugins/com.st.stm32cube.ide.mcu.externaltools.gnu-tools-for-stm32.13.3.rel1.win32_1.0.100.202509120712/tools/bin/../lib/gcc/arm-none-eabi/13.3.1/thumb/v7e-m+fp/hard/crtbegin.o
LOAD C:/ST/STM32CubeIDE_2.0.0/STM32CubeIDE/plugins/com.st.stm32cube.ide.mcu.externaltools.gnu-tools-for-stm32.13.3.rel1.win32_1.0.100.202509120712/tools/bin/../lib/gcc/arm-none-eabi/13.3.1/../../../../arm-none-eabi/lib/thumb/v7e-m+fp/hard/crt0.o
LOAD startup/stm32f411_periph.o
LOAD startup/sys_handlers.o
LOAD startup/system_stm32f4xx.o
LOAD STM32F4xx_HAL_Driver/src/stm32f4xx_ll_rcc.o
LOAD STM32F4xx_HAL_Driver/src/stm32f4xx_hal_i2c.o
LOAD STM32F4xx_HAL_Driver/src/util.o
LOAD STM32F4xx_HAL_Driver/src/stm32f4xx_hal.o
LOAD STM32F4xx_HAL_Driver/src/stm32f4xx_hal_cortex.o
LOAD STM32F4xx_HAL_Driver/src/stm32f4xx_hal_uart.o
LOAD STM32F4xx_HAL_Driver/src/stm32f4xx_hal_gpio.o
LOAD STM32F4xx_HAL_Driver/src/stm32f4xx_hal_tim.o
LOAD STM32F4xx_HAL_Driver/src/stm32f4xx_hal_spi.o
LOAD mbed_shield/src/leds.o
LOAD mbed_shield/src/sw.o
LOAD mbed_shield/src/lm75.o
LOAD mbed_shield/src/lcd_128x32.o
LOAD src/stm32f4xx_hal_msp.o
LOAD src/stm32f4xx_it.o
LOAD src/bme68x.o
LOAD src/bme680_port.o
LOAD src/main.o
LOAD startup/startup_stm32f411xe.o
LOAD C:/ST/STM32CubeIDE_2.0.0/STM32CubeIDE/plugins/com.st.stm32cube.ide.mcu.externaltools.gnu-tools-for-stm32.13.3.rel1.win32_1.0.100.202509120712/tools/bin/../lib/gcc/arm-none-eabi/13.3.1/../../../../arm-none-eabi/lib/thumb/v7e-m+fp/hard\libc_nano.a
LOAD C:/ST/STM32CubeIDE_2.0.0/STM32CubeIDE/plugins/com.st.stm32cube.ide.mcu.externaltools.gnu-tools-for-stm32.13.3.rel1.win32_1.0.100.202509120712/tools/bin/../lib/gcc/arm-none-eabi/13.3.1/thumb/v7e-m+fp/hard\libgcc.a
LOAD C:/ST/STM32CubeIDE_2.0.0/STM32CubeIDE/plugins/com.st.stm32cube.ide.mcu.externaltools.gnu-tools-for-stm32.13.3.rel1.win32_1.0.100.202509120712/tools/bin/../lib/gcc/arm-none-eabi/13.3.1/thumb/v7e-m+fp/hard\libgcov.a
LOAD C:/ST/STM32CubeIDE_2.0.0/STM32CubeIDE/plugins/com.st.stm32cube.ide.mcu.externaltools.gnu-tools-for-stm32.13.3.rel1.win32_1.0.100.202509120712/tools/bin/../lib/gcc/arm-none-eabi/13.3.1/../../../../arm-none-eabi/lib/thumb/v7e-m+fp/hard\libm.a
START GROUP
LOAD C:/ST/STM32CubeIDE_2.0.0/STM32CubeIDE/plugins/com.st.stm32cube.ide.mcu.externaltools.gnu-tools-for-stm32.13.3.rel1.win32_1.0.100.202509120712/tools/bin/../lib/gcc/arm-none-eabi/13.3.1/thumb/v7e-m+fp/hard\libgcc.a
LOAD C:/ST/STM32CubeIDE_2.0.0/STM32CubeIDE/plugins/com.st.stm32cube.ide.mcu.externaltools.gnu-tools-for-stm32.13.3.rel1.win32_1.0.100.202509120712/tools/bin/../lib/gcc/arm-none-eabi/13.3.1/../../../../arm-none-eabi/lib/thumb/v7e-m+fp/hard\libc_nano.a
END GROUP
START GROUP
LOAD C:/ST/STM32CubeIDE_2.0.0/STM32CubeIDE/plugins/com.st.stm32cube.ide.mcu.externaltools.gnu-tools-for-stm32.13.3.rel1.win32_1.0.100.202509120712/tools/bin/../lib/gcc/arm-none-eabi/13.3.1/thumb/v7e-m+fp/hard\libgcc.a
LOAD C:/ST/STM32CubeIDE_2.0.0/STM32CubeIDE/plugins/com.st.stm32cube.ide.mcu.externaltools.gnu-tools-for-stm32.13.3.rel1.win32_1.0.100.202509120712/tools/bin/../lib/gcc/arm-none-eabi/13.3.1/../../../../arm-none-eabi/lib/thumb/v7e-m+fp/hard\libc_nano.a
END GROUP
LOAD C:/ST/STM32CubeIDE_2.0.0/STM32CubeIDE/plugins/com.st.stm32cube.ide.mcu.externaltools.gnu-tools-for-stm32.13.3.rel1.win32_1.0.100.202509120712/tools/bin/../lib/gcc/arm-none-eabi/13.3.1/thumb/v7e-m+fp/hard/crtend.o
LOAD C:/ST/STM32CubeIDE_2.0.0/STM32CubeIDE/plugins/com.st.stm32cube.ide.mcu.externaltools.gnu-tools-for-stm32.13.3.rel1.win32_1.0.100.202509120712/tools/bin/../lib/gcc/arm-none-eabi/13.3.1/thumb/v7e-m+fp/hard/crtn.o
                0x20020000                        _estack = 0x20020000
                0x00000200                        _Min_Heap_Size = 0x200
                0x00000400                        _Min_Stack_Size = 0x400

.isr_vector     0x08000000      0x198
                0x08000000                        . = ALIGN (0x4)
 *(.isr_vector)
 .isr_vector    0x08000000      0x198 startup/startup_stm32f411xe.o
                0x08000000                g_pfnVectors
                0x08000198                        . = ALIGN (0x4)

.text           0x08000198     0x5a28
                0x08000198                        . = ALIGN (0x4)
 *(.text)
 .text          0x08000198       0x40 C:/ST/STM32CubeIDE_2.0.0/STM32CubeIDE/plugins/com.st.stm32cube.ide.mcu.externaltools.gnu-tools-for-stm32.13.3.rel1.win32_1.0.100.202509120712/tools/bin/../lib/gcc/arm-none-eabi/13.3.1/thumb/v7e-m+fp/hard/crtbegin.o
 .text          0x080001d8       0x20 startup/sys_handlers.o
                0x080001d8                NMI_Handler
                0x080001dc                HardFault_Handler
                0x080001e0                MemManage_Handler
                0x080001e4                BusFault_Handler
                0x080001e8                UsageFault_Handler
                0x080001ec                SVC_Handler
                0x080001f0                DebugMon_Handler
                0x080001f4                PendSV_Handler
 .text          0x080001f8      0x16c startup/system_stm32f4xx.o
                0x080001f8                SystemInit
                0x0800026c                SystemCoreClockUpdate
 .text          0x08000364      0x3ec STM32F4xx_HAL_Driver/src/stm32f4xx_ll_rcc.o
                0x08000574                rcc_config_clock
 .text          0x08000750      0x4d8 STM32F4xx_HAL_Driver/src/stm32f4xx_hal_i2c.o
                0x08000750                HAL_I2C_EV_IRQHandler
                0x0800092c                HAL_I2C_ER_IRQHandler
                0x080009c2                HAL_I2C_Init
                0x08000a78                HAL_I2C_Master_Transmit_IT
                0x08000b0a                HAL_I2C_Master_Receive_IT
                0x08000b9c                HAL_I2C_Master_Transmit_Receive_IT
 .text          0x08000c28      0x34c STM32F4xx_HAL_Driver/src/util.o
                0x08000c28                num2str
                0x08000cc4                str2num
                0x08000d5e                reverse
                0x08000db2                intToStr
                0x08000e40                float2str
                0x08000ee0                myPow
 .text          0x08000f74      0x264 STM32F4xx_HAL_Driver/src/stm32f4xx_hal.o
                0x08000f74                HAL_Init
                0x08000f88                HAL_DeInit
                0x08000f98                HAL_MspDeInit
                0x08000f9c                HAL_InitTick
                0x08000ffc                HAL_IncTick
                0x08001018                HAL_GetTick
                0x08001024                HAL_GetTickPrio
                0x08001030                HAL_SetTickFreq
                0x08001078                HAL_GetTickFreq
                0x08001084                HAL_Delay
                0x080010c8                HAL_SuspendTick
                0x080010dc                HAL_ResumeTick
                0x080010f0                HAL_GetHalVersion
                0x080010fc                HAL_GetREVID
                0x0800110c                HAL_GetDEVID
                0x0800111c                HAL_DBGMCU_EnableDBGSleepMode
                0x08001130                HAL_DBGMCU_DisableDBGSleepMode
                0x08001144                HAL_DBGMCU_EnableDBGStopMode
                0x08001158                HAL_DBGMCU_DisableDBGStopMode
                0x0800116c                HAL_DBGMCU_EnableDBGStandbyMode
                0x08001180                HAL_DBGMCU_DisableDBGStandbyMode
                0x08001194                HAL_EnableCompensationCell
                0x080011a4                HAL_DisableCompensationCell
                0x080011b4                HAL_GetUIDw0
                0x080011c0                HAL_GetUIDw1
                0x080011cc                HAL_GetUIDw2
 .text          0x080011d8      0x59c STM32F4xx_HAL_Driver/src/stm32f4xx_hal_cortex.o
                0x0800150c                HAL_NVIC_SetPriorityGrouping
                0x08001520                HAL_NVIC_SetPriority
                0x08001558                HAL_NVIC_EnableIRQ
                0x08001574                HAL_NVIC_DisableIRQ
                0x08001590                HAL_NVIC_SystemReset
                0x0800159a                HAL_SYSTICK_Config
                0x080015b0                HAL_MPU_Disable
                0x080015d4                HAL_MPU_Enable
                0x08001608                HAL_MPU_ConfigRegion
                0x08001688                HAL_NVIC_GetPriorityGrouping
                0x08001694                HAL_NVIC_GetPriority
                0x080016c0                HAL_NVIC_SetPendingIRQ
                0x080016dc                HAL_NVIC_GetPendingIRQ
                0x080016fa                HAL_NVIC_ClearPendingIRQ
                0x08001716                HAL_NVIC_GetActive
                0x08001734                HAL_SYSTICK_CLKSourceConfig
                0x08001764                HAL_SYSTICK_IRQHandler
                0x0800176e                HAL_SYSTICK_Callback
 *fill*         0x08001774        0x4 
 .text          0x08001778      0x4ac STM32F4xx_HAL_Driver/src/stm32f4xx_hal_uart.o
                0x08001778                UART_Receive_IT
                0x080017c8                HAL_USART_IRQHandler
                0x08001824                HAL_UART_Init
                0x080018d8                HAL_UART_Transmit
                0x080018ec                HAL_UART_Receive
                0x08001934                HAL_UART_Receive_IT
                0x0800196e                uart_putc
                0x0800197e                uart_puts
                0x0800198a                uart_printf
 .text          0x08001c24      0x388 STM32F4xx_HAL_Driver/src/stm32f4xx_hal_gpio.o
                0x08001c24                HAL_GPIO_EXTI_IRQHandler
                0x08001c60                HAL_GPIO_Init
                0x08001f5c                HAL_GPIO_ReadPort
                0x08001f6e                HAL_GPIO_ReadPin
                0x08001f80                HAL_GPIO_WritePort
                0x08001f96                HAL_GPIO_WritePin
 .text          0x08001fac      0x3a4 STM32F4xx_HAL_Driver/src/stm32f4xx_hal_tim.o
                0x08001fac                HAL_TIM_IRQHandler
                0x08001fd0                HAL_TIM_wait_ms
                0x08001fde                HAL_TIM_wait_us
                0x08001fec                HAL_TIM_Base_Init
                0x0800202c                HAL_TIM_Base_Start
                0x08002036                HAL_TIM_Base_Start_IT
                0x08002040                HAL_TIM_Base_Stop
                0x0800204a                HAL_TIM_Base_Stop_IT
                0x08002054                HAL_TIM_PWM_Init
                0x08002096                HAL_TIM_PWM_ConfigChannel
                0x08002290                HAL_TIM_PWM_Channel_Set
 .text          0x08002350      0x1dc STM32F4xx_HAL_Driver/src/stm32f4xx_hal_spi.o
                0x08002350                HAL_SPI_IRQHandler
                0x080023f4                HAL_SPI_Init
                0x08002478                HAL_SPI_Transmit_IT
                0x080024ea                HAL_SPI_Write_Byte
 .text          0x0800252c      0x25c src/stm32f4xx_hal_msp.o
                0x080025a8                HAL_MspInit
                0x08002628                HAL_GPIO_LEDS_MspInit
                0x0800262c                HAL_GPIO_SWITCHS_MspInit
                0x08002630                HAL_TIM2_MspInit
                0x08002658                HAL_TIM5_MspInit
                0x08002680                HAL_UART2_MspInit
                0x08002684                HAL_I2C1_MspInit
                0x080026f0                HAL_LCD_MspInit
 .text          0x08002788       0x94 src/stm32f4xx_it.o
                0x08002788                SysTick_Handler
                0x08002796                TIM5_IRQHandler
                0x080027a8                USART2_IRQHandler
                0x080027b8                I2C1_EV_IRQHandler
                0x080027c8                I2C1_ER_IRQHandler
                0x080027d8                EXTI15_10_IRQHandler
                0x080027e6                EXTI4_IRQHandler
                0x080027f2                EXTI0_IRQHandler
                0x080027fe                EXTI1_IRQHandler
                0x0800280a                SPI1_IRQHandler
 .text          0x0800281c     0x2760 src/bme68x.o
                0x0800281c                bme68x_init
                0x0800287e                bme68x_set_regs
                0x080029ac                bme68x_get_regs
                0x08002a42                bme68x_soft_reset
                0x08002ad2                bme68x_set_conf
                0x08002d14                bme68x_get_conf
                0x08002db4                bme68x_set_op_mode
                0x08002e8e                bme68x_get_op_mode
                0x08002ed2                bme68x_get_meas_dur
                0x08002fbc                bme68x_get_data
                0x080031ae                bme68x_set_heatr_conf
                0x080032e4                bme68x_get_heatr_conf
                0x080033d2                bme68x_selftest_check
 .text          0x08004f7c      0x264 src/bme680_port.o
                0x08004f7c                bme68x_i2c_read
                0x0800503a                bme68x_i2c_write
                0x080050fa                bme68x_delay_us
                0x0800512c                bme68x_measure
 .text          0x080051e0       0xe8 src/main.o
                0x080051e0                HAL_GPIO_EXTI_Callback
                0x080051ee                HAL_UART_RxCpltCallback
                0x080051f8                HAL_TIM_PeriodElapsedCallback
                0x08005202                main
 .text          0x080052c8      0x378 C:/ST/STM32CubeIDE_2.0.0/STM32CubeIDE/plugins/com.st.stm32cube.ide.mcu.externaltools.gnu-tools-for-stm32.13.3.rel1.win32_1.0.100.202509120712/tools/bin/../lib/gcc/arm-none-eabi/13.3.1/thumb/v7e-m+fp/hard\libgcc.a(_arm_addsubdf3.o)
                0x080052c8                __aeabi_drsub
                0x080052d0                __aeabi_dsub
                0x080052d0                __subdf3
                0x080052d4                __aeabi_dadd
                0x080052d4                __adddf3
                0x0800554c                __floatunsidf
                0x0800554c                __aeabi_ui2d
                0x0800556c                __floatsidf
                0x0800556c                __aeabi_i2d
                0x08005590                __aeabi_f2d
                0x08005590                __extendsfdf2
                0x080055d4                __floatundidf
                0x080055d4                __aeabi_ul2d
                0x080055e4                __floatdidf
                0x080055e4                __aeabi_l2d
 .text          0x08005640      0x424 C:/ST/STM32CubeIDE_2.0.0/STM32CubeIDE/plugins/com.st.stm32cube.ide.mcu.externaltools.gnu-tools-for-stm32.13.3.rel1.win32_1.0.100.202509120712/tools/bin/../lib/gcc/arm-none-eabi/13.3.1/thumb/v7e-m+fp/hard\libgcc.a(_arm_muldivdf3.o)
                0x08005640                __aeabi_dmul
                0x08005640                __muldf3
                0x08005894                __divdf3
                0x08005894                __aeabi_ddiv
 .text          0x08005a64       0xa0 C:/ST/STM32CubeIDE_2.0.0/STM32CubeIDE/plugins/com.st.stm32cube.ide.mcu.externaltools.gnu-tools-for-stm32.13.3.rel1.win32_1.0.100.202509120712/tools/bin/../lib/gcc/arm-none-eabi/13.3.1/thumb/v7e-m+fp/hard\libgcc.a(_arm_truncdfsf2.o)
                0x08005a64                __truncdfsf2
                0x08005a64                __aeabi_d2f
 *(.text*)
 .text.Reset_Handler
                0x08005b04       0x48 startup/startup_stm32f411xe.o
                0x08005b04                Reset_Handler
 .text.Default_Handler
                0x08005b4c        0x2 startup/startup_stm32f411xe.o
                0x08005b4c                RTC_Alarm_IRQHandler
                0x08005b4c                EXTI2_IRQHandler
                0x08005b4c                SPI4_IRQHandler
                0x08005b4c                TIM1_CC_IRQHandler
                0x08005b4c                DMA2_Stream5_IRQHandler
                0x08005b4c                DMA1_Stream5_IRQHandler
                0x08005b4c                PVD_IRQHandler
                0x08005b4c                SDIO_IRQHandler
                0x08005b4c                TAMP_STAMP_IRQHandler
                0x08005b4c                EXTI3_IRQHandler
                0x08005b4c                TIM1_UP_TIM10_IRQHandler
                0x08005b4c                I2C3_ER_IRQHandler
                0x08005b4c                I2C2_EV_IRQHandler
                0x08005b4c                DMA1_Stream2_IRQHandler
                0x08005b4c                FPU_IRQHandler
                0x08005b4c                DMA2_Stream2_IRQHandler
                0x08005b4c                TIM1_BRK_TIM9_IRQHandler
                0x08005b4c                DMA2_Stream3_IRQHandler
                0x08005b4c                USART6_IRQHandler
                0x08005b4c                DMA2_Stream0_IRQHandler
                0x08005b4c                TIM4_IRQHandler
                0x08005b4c                DMA1_Stream6_IRQHandler
                0x08005b4c                DMA1_Stream1_IRQHandler
                0x08005b4c                TIM3_IRQHandler
                0x08005b4c                RCC_IRQHandler
                0x08005b4c                Default_Handler
                0x08005b4c                ADC_IRQHandler
                0x08005b4c                DMA1_Stream7_IRQHandler
                0x08005b4c                SPI5_IRQHandler
                0x08005b4c                DMA2_Stream7_IRQHandler
                0x08005b4c                I2C3_EV_IRQHandler
                0x08005b4c                EXTI9_5_IRQHandler
                0x08005b4c                RTC_WKUP_IRQHandler
                0x08005b4c                SPI2_IRQHandler
                0x08005b4c                DMA1_Stream0_IRQHandler
                0x08005b4c                WWDG_IRQHandler
                0x08005b4c                TIM2_IRQHandler
                0x08005b4c                OTG_FS_WKUP_IRQHandler
                0x08005b4c                TIM1_TRG_COM_TIM11_IRQHandler
                0x08005b4c                I2C2_ER_IRQHandler
                0x08005b4c                DMA2_Stream1_IRQHandler
                0x08005b4c                FLASH_IRQHandler
                0x08005b4c                DMA2_Stream4_IRQHandler
                0x08005b4c                USART1_IRQHandler
                0x08005b4c                OTG_FS_IRQHandler
                0x08005b4c                SPI3_IRQHandler
                0x08005b4c                DMA1_Stream4_IRQHandler
                0x08005b4c                DMA2_Stream6_IRQHandler
                0x08005b4c                DMA1_Stream3_IRQHandler
 .text.memset   0x08005b4e       0x10 C:/ST/STM32CubeIDE_2.0.0/STM32CubeIDE/plugins/com.st.stm32cube.ide.mcu.externaltools.gnu-tools-for-stm32.13.3.rel1.win32_1.0.100.202509120712/tools/bin/../lib/gcc/arm-none-eabi/13.3.1/../../../../arm-none-eabi/lib/thumb/v7e-m+fp/hard\libc_nano.a(libc_a-memset.o)
                0x08005b4e                memset
 *fill*         0x08005b5e        0x2 
 .text.__libc_init_array
                0x08005b60       0x48 C:/ST/STM32CubeIDE_2.0.0/STM32CubeIDE/plugins/com.st.stm32cube.ide.mcu.externaltools.gnu-tools-for-stm32.13.3.rel1.win32_1.0.100.202509120712/tools/bin/../lib/gcc/arm-none-eabi/13.3.1/../../../../arm-none-eabi/lib/thumb/v7e-m+fp/hard\libc_nano.a(libc_a-init.o)
                0x08005b60                __libc_init_array
 *(.glue_7)
 .glue_7        0x08005ba8        0x0 linker stubs
 *(.glue_7t)
 .glue_7t       0x08005ba8        0x0 linker stubs
 *(.eh_frame)
 .eh_frame      0x08005ba8        0x0 C:/ST/STM32CubeIDE_2.0.0/STM32CubeIDE/plugins/com.st.stm32cube.ide.mcu.externaltools.gnu-tools-for-stm32.13.3.rel1.win32_1.0.100.202509120712/tools/bin/../lib/gcc/arm-none-eabi/13.3.1/thumb/v7e-m+fp/hard/crtbegin.o
 *(.init)
 .init          0x08005ba8        0x4 C:/ST/STM32CubeIDE_2.0.0/STM32CubeIDE/plugins/com.st.stm32cube.ide.mcu.externaltools.gnu-tools-for-stm32.13.3.rel1.win32_1.0.100.202509120712/tools/bin/../lib/gcc/arm-none-eabi/13.3.1/thumb/v7e-m+fp/hard/crti.o
                0x08005ba8                _init
 .init          0x08005bac        0x8 C:/ST/STM32CubeIDE_2.0.0/STM32CubeIDE/plugins/com.st.stm32cube.ide.mcu.externaltools.gnu-tools-for-stm32.13.3.rel1.win32_1.0.100.202509120712/tools/bin/../lib/gcc/arm-none-eabi/13.3.1/thumb/v7e-m+fp/hard/crtn.o
 *(.fini)
 .fini          0x08005bb4        0x4 C:/ST/STM32CubeIDE_2.0.0/STM32CubeIDE/plugins/com.st.stm32cube.ide.mcu.externaltools.gnu-tools-for-stm32.13.3.rel1.win32_1.0.100.202509120712/tools/bin/../lib/gcc/arm-none-eabi/13.3.1/thumb/v7e-m+fp/hard/crti.o
                0x08005bb4                _fini
 .fini          0x08005bb8        0x8 C:/ST/STM32CubeIDE_2.0.0/STM32CubeIDE/plugins/com.st.stm32cube.ide.mcu.externaltools.gnu-tools-for-stm32.13.3.rel1.win32_1.0.100.202509120712/tools/bin/../lib/gcc/arm-none-eabi/13.3.1/thumb/v7e-m+fp/hard/crtn.o
                0x08005bc0                        . = ALIGN (0x4)
                0x08005bc0                        _etext = .

.vfp11_veneer   0x08005bc0        0x0
 .vfp11_veneer  0x08005bc0        0x0 linker stubs

.v4_bx          0x08005bc0        0x0
 .v4_bx         0x08005bc0        0x0 linker stubs

.iplt           0x08005bc0        0x0
 .iplt          0x08005bc0        0x0 C:/ST/STM32CubeIDE_2.0.0/STM32CubeIDE/plugins/com.st.stm32cube.ide.mcu.externaltools.gnu-tools-for-stm32.13.3.rel1.win32_1.0.100.202509120712/tools/bin/../lib/gcc/arm-none-eabi/13.3.1/thumb/v7e-m+fp/hard/crtbegin.o

.rodata         0x08005bc0      0x920
                0x08005bc0                        . = ALIGN (0x4)
 *(.rodata)
 .rodata        0x08005bc0       0x24 C:/ST/STM32CubeIDE_2.0.0/STM32CubeIDE/plugins/com.st.stm32cube.ide.mcu.externaltools.gnu-tools-for-stm32.13.3.rel1.win32_1.0.100.202509120712/tools/bin/../lib/gcc/arm-none-eabi/13.3.1/thumb/v7e-m+fp/hard/crtbegin.o
 .rodata        0x08005be4      0x114 startup/stm32f411_periph.o
                0x08005be4                _SCnSCB
                0x08005be8                _SCB
                0x08005bec                _SysTick
                0x08005bf0                _NVIC
                0x08005bf4                _ITM
                0x08005bf8                _DWT
                0x08005bfc                _TPI
                0x08005c00                _CoreDebug
                0x08005c04                _MPU
                0x08005c08                _FPU
                0x08005c0c                _TIM2
                0x08005c10                _TIM3
                0x08005c14                _TIM4
                0x08005c18                _TIM5
                0x08005c1c                _RTC
                0x08005c20                _WWDG
                0x08005c24                _IWDG
                0x08005c28                _I2S2ext
                0x08005c2c                _SPI2
                0x08005c30                _SPI3
                0x08005c34                _I2S3ext
                0x08005c38                _USART2
                0x08005c3c                _I2C1
                0x08005c40                _I2C2
                0x08005c44                _I2C3
                0x08005c48                _PWR
                0x08005c4c                _TIM1
                0x08005c50                _USART1
                0x08005c54                _USART6
                0x08005c58                _ADC1
                0x08005c5c                _ADC
                0x08005c60                _SDIO
                0x08005c64                _SPI1
                0x08005c68                _SPI4
                0x08005c6c                _SYSCFG
                0x08005c70                _EXTI
                0x08005c74                _TIM9
                0x08005c78                _TIM10
                0x08005c7c                _TIM11
                0x08005c80                _SPI5
                0x08005c84                _GPIOA
                0x08005c88                _GPIOB
                0x08005c8c                _GPIOC
                0x08005c90                _GPIOD
                0x08005c94                _GPIOE
                0x08005c98                _GPIOH
                0x08005c9c                _CRC
                0x08005ca0                _RCC
                0x08005ca4                _FLASH
                0x08005ca8                _DMA1
                0x08005cac                _DMA1_Stream0
                0x08005cb0                _DMA1_Stream1
                0x08005cb4                _DMA1_Stream2
                0x08005cb8                _DMA1_Stream3
                0x08005cbc                _DMA1_Stream4
                0x08005cc0                _DMA1_Stream5
                0x08005cc4                _DMA1_Stream6
                0x08005cc8                _DMA1_Stream7
                0x08005ccc                _DMA2
                0x08005cd0                _DMA2_Stream0
                0x08005cd4                _DMA2_Stream1
                0x08005cd8                _DMA2_Stream2
                0x08005cdc                _DMA2_Stream3
                0x08005ce0                _DMA2_Stream4
                0x08005ce4                _DMA2_Stream5
                0x08005ce8                _DMA2_Stream6
                0x08005cec                _DMA2_Stream7
                0x08005cf0                _DBGMCU
                0x08005cf4                _USB_OTG_FS
 .rodata        0x08005cf8       0x10 startup/system_stm32f4xx.o
                0x08005cf8                AHBPrescTable
 .rodata        0x08005d08      0x724 mbed_shield/src/lcd_128x32.o
 .rodata        0x0800642c       0x90 src/bme68x.o
 .rodata        0x080064bc       0x24 C:/ST/STM32CubeIDE_2.0.0/STM32CubeIDE/plugins/com.st.stm32cube.ide.mcu.externaltools.gnu-tools-for-stm32.13.3.rel1.win32_1.0.100.202509120712/tools/bin/../lib/gcc/arm-none-eabi/13.3.1/thumb/v7e-m+fp/hard/crtend.o
 *(.rodata*)
                0x080064e0                        . = ALIGN (0x4)

.rel.dyn        0x080064e0        0x0
 .rel.iplt      0x080064e0        0x0 C:/ST/STM32CubeIDE_2.0.0/STM32CubeIDE/plugins/com.st.stm32cube.ide.mcu.externaltools.gnu-tools-for-stm32.13.3.rel1.win32_1.0.100.202509120712/tools/bin/../lib/gcc/arm-none-eabi/13.3.1/thumb/v7e-m+fp/hard/crtbegin.o

.ARM.extab
 *(.ARM.extab* .gnu.linkonce.armextab.*)

.ARM            0x080064e0        0x0
                0x080064e0                        __exidx_start = .
 *(.ARM.exidx*)
                0x080064e0                        __exidx_end = .

.preinit_array  0x080064e0        0x0
                0x080064e0                        PROVIDE (__preinit_array_start = .)
 *(.preinit_array*)
                0x080064e0                        PROVIDE (__preinit_array_end = .)

.init_array     0x080064e0        0x4
                0x080064e0                        PROVIDE (__init_array_start = .)
 *(SORT_BY_NAME(.init_array.*))
 *(.init_array*)
 .init_array    0x080064e0        0x4 C:/ST/STM32CubeIDE_2.0.0/STM32CubeIDE/plugins/com.st.stm32cube.ide.mcu.externaltools.gnu-tools-for-stm32.13.3.rel1.win32_1.0.100.202509120712/tools/bin/../lib/gcc/arm-none-eabi/13.3.1/thumb/v7e-m+fp/hard/crtbegin.o
                0x080064e4                        PROVIDE (__init_array_end = .)

.fini_array     0x080064e4        0x4
                [!provide]                        PROVIDE (__fini_array_start = .)
 *(SORT_BY_NAME(.fini_array.*))
 *(.fini_array*)
 .fini_array    0x080064e4        0x4 C:/ST/STM32CubeIDE_2.0.0/STM32CubeIDE/plugins/com.st.stm32cube.ide.mcu.externaltools.gnu-tools-for-stm32.13.3.rel1.win32_1.0.100.202509120712/tools/bin/../lib/gcc/arm-none-eabi/13.3.1/thumb/v7e-m+fp/hard/crtbegin.o
                [!provide]                        PROVIDE (__fini_array_end = .)
                0x080064e8                        _sidata = LOADADDR (.data)

.data           0x20000000       0xc8 load address 0x080064e8
                0x20000000                        . = ALIGN (0x4)
                0x20000000                        _sdata = .
 *(.data)
 .data          0x20000000        0x4 startup/system_stm32f4xx.o
                0x20000000                SystemCoreClock
 .data          0x20000004       0xa8 STM32F4xx_HAL_Driver/src/stm32f4xx_ll_rcc.o
 .data          0x200000ac       0x11 STM32F4xx_HAL_Driver/src/util.o
 *fill*         0x200000bd        0x3 
 .data          0x200000c0        0x5 STM32F4xx_HAL_Driver/src/stm32f4xx_hal.o
                0x200000c0                uwTickPrio
                0x200000c4                uwTickFreq
 *(.data*)
                0x200000c8                        . = ALIGN (0x4)
 *fill*         0x200000c5        0x3 
                0x200000c8                        _edata = .

.igot.plt       0x200000c8        0x0 load address 0x080065b0
 .igot.plt      0x200000c8        0x0 C:/ST/STM32CubeIDE_2.0.0/STM32CubeIDE/plugins/com.st.stm32cube.ide.mcu.externaltools.gnu-tools-for-stm32.13.3.rel1.win32_1.0.100.202509120712/tools/bin/../lib/gcc/arm-none-eabi/13.3.1/thumb/v7e-m+fp/hard/crtbegin.o
                0x200000c8                        . = ALIGN (0x4)

.bss            0x200000c8      0x3a0 load address 0x080065b0
                0x200000c8                        _sbss = .
                0x200000c8                        __bss_start__ = _sbss
 *(.bss)
 .bss           0x200000c8       0x1c C:/ST/STM32CubeIDE_2.0.0/STM32CubeIDE/plugins/com.st.stm32cube.ide.mcu.externaltools.gnu-tools-for-stm32.13.3.rel1.win32_1.0.100.202509120712/tools/bin/../lib/gcc/arm-none-eabi/13.3.1/thumb/v7e-m+fp/hard/crtbegin.o
 .bss           0x200000e4       0x14 startup/system_stm32f4xx.o
                0x200000e4                sysclks
 .bss           0x200000f8        0x4 STM32F4xx_HAL_Driver/src/stm32f4xx_hal_i2c.o
                0x200000f8                nb_irqs_i2c
 .bss           0x200000fc        0x4 STM32F4xx_HAL_Driver/src/stm32f4xx_hal.o
                0x200000fc                uwTick
 .bss           0x20000100       0x10 STM32F4xx_HAL_Driver/src/stm32f4xx_hal_spi.o
                0x20000100                cpt
                0x20000104                cpt1
                0x20000108                cpt2
                0x2000010c                sr
 .bss           0x20000110      0x264 mbed_shield/src/lcd_128x32.o
                0x20000320                hspi1
 .bss           0x20000374       0xf1 src/main.o
                0x20000374                htim3
                0x20000388                htim5
                0x2000039c                huart2
                0x200003cc                hi2c1
                0x20000410                bme
                0x20000460                conf
 *(.bss*)
 *(COMMON)
                0x20000468                        . = ALIGN (0x4)
 *fill*         0x20000465        0x3 
                0x20000468                        _ebss = .
                0x20000468                        __bss_end__ = _ebss

._user_heap_stack
                0x20000468      0x600 load address 0x080065b0
                0x20000468                        . = ALIGN (0x4)
                [!provide]                        PROVIDE (end = .)
                [!provide]                        PROVIDE (_end = .)
                0x20000668                        . = (. + _Min_Heap_Size)
 *fill*         0x20000468      0x200 
                0x20000a68                        . = (. + _Min_Stack_Size)
 *fill*         0x20000668      0x400 
                0x20000a68                        . = ALIGN (0x4)

/DISCARD/
 libc.a(*)
 libm.a(*)
 libgcc.a(*)

.ARM.attributes
                0x00000000       0x30
 *(.ARM.attributes)
 .ARM.attributes
                0x00000000       0x22 C:/ST/STM32CubeIDE_2.0.0/STM32CubeIDE/plugins/com.st.stm32cube.ide.mcu.externaltools.gnu-tools-for-stm32.13.3.rel1.win32_1.0.100.202509120712/tools/bin/../lib/gcc/arm-none-eabi/13.3.1/thumb/v7e-m+fp/hard/crti.o
 .ARM.attributes
                0x00000022       0x34 C:/ST/STM32CubeIDE_2.0.0/STM32CubeIDE/plugins/com.st.stm32cube.ide.mcu.externaltools.gnu-tools-for-stm32.13.3.rel1.win32_1.0.100.202509120712/tools/bin/../lib/gcc/arm-none-eabi/13.3.1/thumb/v7e-m+fp/hard/crtbegin.o
 .ARM.attributes
                0x00000056       0x34 startup/stm32f411_periph.o
 .ARM.attributes
                0x0000008a       0x34 startup/sys_handlers.o
 .ARM.attributes
                0x000000be       0x34 startup/system_stm32f4xx.o
 .ARM.attributes
                0x000000f2       0x34 STM32F4xx_HAL_Driver/src/stm32f4xx_ll_rcc.o
 .ARM.attributes
                0x00000126       0x34 STM32F4xx_HAL_Driver/src/stm32f4xx_hal_i2c.o
 .ARM.attributes
                0x0000015a       0x34 STM32F4xx_HAL_Driver/src/util.o
 .ARM.attributes
                0x0000018e       0x34 STM32F4xx_HAL_Driver/src/stm32f4xx_hal.o
 .ARM.attributes
                0x000001c2       0x34 STM32F4xx_HAL_Driver/src/stm32f4xx_hal_cortex.o
 .ARM.attributes
                0x000001f6       0x34 STM32F4xx_HAL_Driver/src/stm32f4xx_hal_uart.o
 .ARM.attributes
                0x0000022a       0x34 STM32F4xx_HAL_Driver/src/stm32f4xx_hal_gpio.o
 .ARM.attributes
                0x0000025e       0x34 STM32F4xx_HAL_Driver/src/stm32f4xx_hal_tim.o
 .ARM.attributes
                0x00000292       0x34 STM32F4xx_HAL_Driver/src/stm32f4xx_hal_spi.o
 .ARM.attributes
                0x000002c6       0x34 mbed_shield/src/lcd_128x32.o
 .ARM.attributes
                0x000002fa       0x34 src/stm32f4xx_hal_msp.o
 .ARM.attributes
                0x0000032e       0x34 src/stm32f4xx_it.o
 .ARM.attributes
                0x00000362       0x34 src/bme68x.o
 .ARM.attributes
                0x00000396       0x34 src/bme680_port.o
 .ARM.attributes
                0x000003ca       0x34 src/main.o
 .ARM.attributes
                0x000003fe       0x21 startup/startup_stm32f411xe.o
 .ARM.attributes
                0x0000041f       0x34 C:/ST/STM32CubeIDE_2.0.0/STM32CubeIDE/plugins/com.st.stm32cube.ide.mcu.externaltools.gnu-tools-for-stm32.13.3.rel1.win32_1.0.100.202509120712/tools/bin/../lib/gcc/arm-none-eabi/13.3.1/../../../../arm-none-eabi/lib/thumb/v7e-m+fp/hard\libc_nano.a(libc_a-memset.o)
 .ARM.attributes
                0x00000453       0x34 C:/ST/STM32CubeIDE_2.0.0/STM32CubeIDE/plugins/com.st.stm32cube.ide.mcu.externaltools.gnu-tools-for-stm32.13.3.rel1.win32_1.0.100.202509120712/tools/bin/../lib/gcc/arm-none-eabi/13.3.1/../../../../arm-none-eabi/lib/thumb/v7e-m+fp/hard\libc_nano.a(libc_a-init.o)
 .ARM.attributes
                0x00000487       0x22 C:/ST/STM32CubeIDE_2.0.0/STM32CubeIDE/plugins/com.st.stm32cube.ide.mcu.externaltools.gnu-tools-for-stm32.13.3.rel1.win32_1.0.100.202509120712/tools/bin/../lib/gcc/arm-none-eabi/13.3.1/thumb/v7e-m+fp/hard\libgcc.a(_arm_addsubdf3.o)
 .ARM.attributes
                0x000004a9       0x22 C:/ST/STM32CubeIDE_2.0.0/STM32CubeIDE/plugins/com.st.stm32cube.ide.mcu.externaltools.gnu-tools-for-stm32.13.3.rel1.win32_1.0.100.202509120712/tools/bin/../lib/gcc/arm-none-eabi/13.3.1/thumb/v7e-m+fp/hard\libgcc.a(_arm_muldivdf3.o)
 .ARM.attributes
                0x000004cb       0x22 C:/ST/STM32CubeIDE_2.0.0/STM32CubeIDE/plugins/com.st.stm32cube.ide.mcu.externaltools.gnu-tools-for-stm32.13.3.rel1.win32_1.0.100.202509120712/tools/bin/../lib/gcc/arm-none-eabi/13.3.1/thumb/v7e-m+fp/hard\libgcc.a(_arm_truncdfsf2.o)
 .ARM.attributes
                0x000004ed       0x34 C:/ST/STM32CubeIDE_2.0.0/STM32CubeIDE/plugins/com.st.stm32cube.ide.mcu.externaltools.gnu-tools-for-stm32.13.3.rel1.win32_1.0.100.202509120712/tools/bin/../lib/gcc/arm-none-eabi/13.3.1/thumb/v7e-m+fp/hard/crtend.o
 .ARM.attributes
                0x00000521       0x22 C:/ST/STM32CubeIDE_2.0.0/STM32CubeIDE/plugins/com.st.stm32cube.ide.mcu.externaltools.gnu-tools-for-stm32.13.3.rel1.win32_1.0.100.202509120712/tools/bin/../lib/gcc/arm-none-eabi/13.3.1/thumb/v7e-m+fp/hard/crtn.o
OUTPUT(main.elf elf32-littlearm)
LOAD linker stubs
LOAD C:/ST/STM32CubeIDE_2.0.0/STM32CubeIDE/plugins/com.st.stm32cube.ide.mcu.externaltools.gnu-tools-for-stm32.13.3.rel1.win32_1.0.100.202509120712/tools/bin/../lib/gcc/arm-none-eabi/13.3.1/../../../../arm-none-eabi/lib/thumb/v7e-m+fp/hard\libc.a
LOAD C:/ST/STM32CubeIDE_2.0.0/STM32CubeIDE/plugins/com.st.stm32cube.ide.mcu.externaltools.gnu-tools-for-stm32.13.3.rel1.win32_1.0.100.202509120712/tools/bin/../lib/gcc/arm-none-eabi/13.3.1/../../../../arm-none-eabi/lib/thumb/v7e-m+fp/hard\libm.a
LOAD C:/ST/STM32CubeIDE_2.0.0/STM32CubeIDE/plugins/com.st.stm32cube.ide.mcu.externaltools.gnu-tools-for-stm32.13.3.rel1.win32_1.0.100.202509120712/tools/bin/../lib/gcc/arm-none-eabi/13.3.1/thumb/v7e-m+fp/hard\libgcc.a

.debug_info     0x00000000     0xa96a
 .debug_info    0x00000000     0x224d startup/stm32f411_periph.o
 .debug_info    0x0000224d       0xf4 startup/sys_handlers.o
 .debug_info    0x00002341      0x5d2 startup/system_stm32f4xx.o
 .debug_info    0x00002913      0x56e STM32F4xx_HAL_Driver/src/stm32f4xx_ll_rcc.o
 .debug_info    0x00002e81      0x52a STM32F4xx_HAL_Driver/src/stm32f4xx_hal_i2c.o
 .debug_info    0x000033ab      0x2e2 STM32F4xx_HAL_Driver/src/util.o
 .debug_info    0x0000368d      0x635 STM32F4xx_HAL_Driver/src/stm32f4xx_hal.o
 .debug_info    0x00003cc2      0xc9f STM32F4xx_HAL_Driver/src/stm32f4xx_hal_cortex.o
 .debug_info    0x00004961      0x5bd STM32F4xx_HAL_Driver/src/stm32f4xx_hal_uart.o
 .debug_info    0x00004f1e      0x5c0 STM32F4xx_HAL_Driver/src/stm32f4xx_hal_gpio.o
 .debug_info    0x000054de      0x425 STM32F4xx_HAL_Driver/src/stm32f4xx_hal_tim.o
 .debug_info    0x00005903      0x43c STM32F4xx_HAL_Driver/src/stm32f4xx_hal_spi.o
 .debug_info    0x00005d3f      0xd19 mbed_shield/src/lcd_128x32.o
 .debug_info    0x00006a58      0xa24 src/stm32f4xx_hal_msp.o
 .debug_info    0x0000747c      0x881 src/stm32f4xx_it.o
 .debug_info    0x00007cfd     0x1599 src/bme68x.o
 .debug_info    0x00009296      0x9f8 src/bme680_port.o
 .debug_info    0x00009c8e      0xcac src/main.o
 .debug_info    0x0000a93a       0x30 startup/startup_stm32f411xe.o

.debug_abbrev   0x00000000     0x2026
 .debug_abbrev  0x00000000      0x16c startup/stm32f411_periph.o
 .debug_abbrev  0x0000016c       0x45 startup/sys_handlers.o
 .debug_abbrev  0x000001b1      0x190 startup/system_stm32f4xx.o
 .debug_abbrev  0x00000341      0x18b STM32F4xx_HAL_Driver/src/stm32f4xx_ll_rcc.o
 .debug_abbrev  0x000004cc      0x199 STM32F4xx_HAL_Driver/src/stm32f4xx_hal_i2c.o
 .debug_abbrev  0x00000665      0x10e STM32F4xx_HAL_Driver/src/util.o
 .debug_abbrev  0x00000773      0x20a STM32F4xx_HAL_Driver/src/stm32f4xx_hal.o
 .debug_abbrev  0x0000097d      0x309 STM32F4xx_HAL_Driver/src/stm32f4xx_hal_cortex.o
 .debug_abbrev  0x00000c86      0x20a STM32F4xx_HAL_Driver/src/stm32f4xx_hal_uart.o
 .debug_abbrev  0x00000e90      0x186 STM32F4xx_HAL_Driver/src/stm32f4xx_hal_gpio.o
 .debug_abbrev  0x00001016      0x146 STM32F4xx_HAL_Driver/src/stm32f4xx_hal_tim.o
 .debug_abbrev  0x0000115c      0x174 STM32F4xx_HAL_Driver/src/stm32f4xx_hal_spi.o
 .debug_abbrev  0x000012d0      0x347 mbed_shield/src/lcd_128x32.o
 .debug_abbrev  0x00001617      0x211 src/stm32f4xx_hal_msp.o
 .debug_abbrev  0x00001828      0x162 src/stm32f4xx_it.o
 .debug_abbrev  0x0000198a      0x22c src/bme68x.o
 .debug_abbrev  0x00001bb6      0x20e src/bme680_port.o
 .debug_abbrev  0x00001dc4      0x245 src/main.o
 .debug_abbrev  0x00002009       0x1d startup/startup_stm32f411xe.o

.debug_aranges  0x00000000      0x260
 .debug_aranges
                0x00000000       0x18 startup/stm32f411_periph.o
 .debug_aranges
                0x00000018       0x20 startup/sys_handlers.o
 .debug_aranges
                0x00000038       0x20 startup/system_stm32f4xx.o
 .debug_aranges
                0x00000058       0x20 STM32F4xx_HAL_Driver/src/stm32f4xx_ll_rcc.o
 .debug_aranges
                0x00000078       0x20 STM32F4xx_HAL_Driver/src/stm32f4xx_hal_i2c.o
 .debug_aranges
                0x00000098       0x20 STM32F4xx_HAL_Driver/src/util.o
 .debug_aranges
                0x000000b8       0x20 STM32F4xx_HAL_Driver/src/stm32f4xx_hal.o
 .debug_aranges
                0x000000d8       0x20 STM32F4xx_HAL_Driver/src/stm32f4xx_hal_cortex.o
 .debug_aranges
                0x000000f8       0x20 STM32F4xx_HAL_Driver/src/stm32f4xx_hal_uart.o
 .debug_aranges
                0x00000118       0x20 STM32F4xx_HAL_Driver/src/stm32f4xx_hal_gpio.o
 .debug_aranges
                0x00000138       0x20 STM32F4xx_HAL_Driver/src/stm32f4xx_hal_tim.o
 .debug_aranges
                0x00000158       0x20 STM32F4xx_HAL_Driver/src/stm32f4xx_hal_spi.o
 .debug_aranges
                0x00000178       0x20 mbed_shield/src/lcd_128x32.o
 .debug_aranges
                0x00000198       0x20 src/stm32f4xx_hal_msp.o
 .debug_aranges
                0x000001b8       0x20 src/stm32f4xx_it.o
 .debug_aranges
                0x000001d8       0x20 src/bme68x.o
 .debug_aranges
                0x000001f8       0x20 src/bme680_port.o
 .debug_aranges
                0x00000218       0x20 src/main.o
 .debug_aranges
                0x00000238       0x28 startup/startup_stm32f411xe.o

.debug_line     0x00000000     0x5d2e
 .debug_line    0x00000000      0x260 startup/stm32f411_periph.o
 .debug_line    0x00000260       0x6f startup/sys_handlers.o
 .debug_line    0x000002cf      0x358 startup/system_stm32f4xx.o
 .debug_line    0x00000627      0x546 STM32F4xx_HAL_Driver/src/stm32f4xx_ll_rcc.o
 .debug_line    0x00000b6d      0x5de STM32F4xx_HAL_Driver/src/stm32f4xx_hal_i2c.o
 .debug_line    0x0000114b      0x3d9 STM32F4xx_HAL_Driver/src/util.o
 .debug_line    0x00001524      0x410 STM32F4xx_HAL_Driver/src/stm32f4xx_hal.o
 .debug_line    0x00001934      0x626 STM32F4xx_HAL_Driver/src/stm32f4xx_hal_cortex.o
 .debug_line    0x00001f5a      0x597 STM32F4xx_HAL_Driver/src/stm32f4xx_hal_uart.o
 .debug_line    0x000024f1      0x4ba STM32F4xx_HAL_Driver/src/stm32f4xx_hal_gpio.o
 .debug_line    0x000029ab      0x4f4 STM32F4xx_HAL_Driver/src/stm32f4xx_hal_tim.o
 .debug_line    0x00002e9f      0x3da STM32F4xx_HAL_Driver/src/stm32f4xx_hal_spi.o
 .debug_line    0x00003279      0xa37 mbed_shield/src/lcd_128x32.o
 .debug_line    0x00003cb0      0x353 src/stm32f4xx_hal_msp.o
 .debug_line    0x00004003      0x33f src/stm32f4xx_it.o
 .debug_line    0x00004342     0x12cc src/bme68x.o
 .debug_line    0x0000560e      0x379 src/bme680_port.o
 .debug_line    0x00005987      0x331 src/main.o
 .debug_line    0x00005cb8       0x76 startup/startup_stm32f411xe.o

.debug_str      0x00000000     0x2c55
 .debug_str     0x00000000     0x2c55 startup/stm32f411_periph.o
                                0xc99 (size before relaxing)
 .debug_str     0x00002c55        0x0 startup/sys_handlers.o
                                0x1ff (size before relaxing)
 .debug_str     0x00002c55        0x0 startup/system_stm32f4xx.o
                                0x494 (size before relaxing)
 .debug_str     0x00002c55        0x0 STM32F4xx_HAL_Driver/src/stm32f4xx_ll_rcc.o
                                0x50f (size before relaxing)
 .debug_str     0x00002c55        0x0 STM32F4xx_HAL_Driver/src/stm32f4xx_hal_i2c.o
                                0x3fa (size before relaxing)
 .debug_str     0x00002c55        0x0 STM32F4xx_HAL_Driver/src/util.o
                                0x210 (size before relaxing)
 .debug_str     0x00002c55        0x0 STM32F4xx_HAL_Driver/src/stm32f4xx_hal.o
                                0x8bb (size before relaxing)
 .debug_str     0x00002c55        0x0 STM32F4xx_HAL_Driver/src/stm32f4xx_hal_cortex.o
                                0xaa4 (size before relaxing)
 .debug_str     0x00002c55        0x0 STM32F4xx_HAL_Driver/src/stm32f4xx_hal_uart.o
                                0x404 (size before relaxing)
 .debug_str     0x00002c55        0x0 STM32F4xx_HAL_Driver/src/stm32f4xx_hal_gpio.o
                                0x452 (size before relaxing)
 .debug_str     0x00002c55        0x0 STM32F4xx_HAL_Driver/src/stm32f4xx_hal_tim.o
                                0x35f (size before relaxing)
 .debug_str     0x00002c55        0x0 STM32F4xx_HAL_Driver/src/stm32f4xx_hal_spi.o
                                0x3c0 (size before relaxing)
 .debug_str     0x00002c55        0x0 mbed_shield/src/lcd_128x32.o
                                0x5d7 (size before relaxing)
 .debug_str     0x00002c55        0x0 src/stm32f4xx_hal_msp.o
                                0x83f (size before relaxing)
 .debug_str     0x00002c55        0x0 src/stm32f4xx_it.o
                                0x669 (size before relaxing)
 .debug_str     0x00002c55        0x0 src/bme68x.o
                                0xa0a (size before relaxing)
 .debug_str     0x00002c55        0x0 src/bme680_port.o
                                0x6a3 (size before relaxing)
 .debug_str     0x00002c55        0x0 src/main.o
                                0x86d (size before relaxing)
 .debug_str     0x00002c55        0x0 startup/startup_stm32f411xe.o
                                 0x8e (size before relaxing)

.comment        0x00000000       0x43
 .comment       0x00000000       0x43 startup/stm32f411_periph.o
                                 0x44 (size before relaxing)
 .comment       0x00000043        0x0 startup/sys_handlers.o
                                 0x44 (size before relaxing)
 .comment       0x00000043        0x0 startup/system_stm32f4xx.o
                                 0x44 (size before relaxing)
 .comment       0x00000043        0x0 STM32F4xx_HAL_Driver/src/stm32f4xx_ll_rcc.o
                                 0x44 (size before relaxing)
 .comment       0x00000043        0x0 STM32F4xx_HAL_Driver/src/stm32f4xx_hal_i2c.o
                                 0x44 (size before relaxing)
 .comment       0x00000043        0x0 STM32F4xx_HAL_Driver/src/util.o
                                 0x44 (size before relaxing)
 .comment       0x00000043        0x0 STM32F4xx_HAL_Driver/src/stm32f4xx_hal.o
                                 0x44 (size before relaxing)
 .comment       0x00000043        0x0 STM32F4xx_HAL_Driver/src/stm32f4xx_hal_cortex.o
                                 0x44 (size before relaxing)
 .comment       0x00000043        0x0 STM32F4xx_HAL_Driver/src/stm32f4xx_hal_uart.o
                                 0x44 (size before relaxing)
 .comment       0x00000043        0x0 STM32F4xx_HAL_Driver/src/stm32f4xx_hal_gpio.o
                                 0x44 (size before relaxing)
 .comment       0x00000043        0x0 STM32F4xx_HAL_Driver/src/stm32f4xx_hal_tim.o
                                 0x44 (size before relaxing)
 .comment       0x00000043        0x0 STM32F4xx_HAL_Driver/src/stm32f4xx_hal_spi.o
                                 0x44 (size before relaxing)
 .comment       0x00000043        0x0 mbed_shield/src/lcd_128x32.o
                                 0x44 (size before relaxing)
 .comment       0x00000043        0x0 src/stm32f4xx_hal_msp.o
                                 0x44 (size before relaxing)
 .comment       0x00000043        0x0 src/stm32f4xx_it.o
                                 0x44 (size before relaxing)
 .comment       0x00000043        0x0 src/bme68x.o
                                 0x44 (size before relaxing)
 .comment       0x00000043        0x0 src/bme680_port.o
                                 0x44 (size before relaxing)
 .comment       0x00000043        0x0 src/main.o
                                 0x44 (size before relaxing)

.debug_frame    0x00000000     0x15e8
 .debug_frame   0x00000000       0x90 startup/sys_handlers.o
 .debug_frame   0x00000090       0x40 startup/system_stm32f4xx.o
 .debug_frame   0x000000d0       0x74 STM32F4xx_HAL_Driver/src/stm32f4xx_ll_rcc.o
 .debug_frame   0x00000144       0xa8 STM32F4xx_HAL_Driver/src/stm32f4xx_hal_i2c.o
 .debug_frame   0x000001ec       0xac STM32F4xx_HAL_Driver/src/util.o
 .debug_frame   0x00000298      0x1f4 STM32F4xx_HAL_Driver/src/stm32f4xx_hal.o
 .debug_frame   0x0000048c      0x31c STM32F4xx_HAL_Driver/src/stm32f4xx_hal_cortex.o
 .debug_frame   0x000007a8      0x11c STM32F4xx_HAL_Driver/src/stm32f4xx_hal_uart.o
 .debug_frame   0x000008c4       0xa4 STM32F4xx_HAL_Driver/src/stm32f4xx_hal_gpio.o
 .debug_frame   0x00000968      0x11c STM32F4xx_HAL_Driver/src/stm32f4xx_hal_tim.o
 .debug_frame   0x00000a84       0x70 STM32F4xx_HAL_Driver/src/stm32f4xx_hal_spi.o
 .debug_frame   0x00000af4      0x2c0 mbed_shield/src/lcd_128x32.o
 .debug_frame   0x00000db4       0xf4 src/stm32f4xx_hal_msp.o
 .debug_frame   0x00000ea8      0x100 src/stm32f4xx_it.o
 .debug_frame   0x00000fa8      0x3b8 src/bme68x.o
 .debug_frame   0x00001360       0xac src/bme680_port.o
 .debug_frame   0x0000140c       0x70 src/main.o
 .debug_frame   0x0000147c       0x20 C:/ST/STM32CubeIDE_2.0.0/STM32CubeIDE/plugins/com.st.stm32cube.ide.mcu.externaltools.gnu-tools-for-stm32.13.3.rel1.win32_1.0.100.202509120712/tools/bin/../lib/gcc/arm-none-eabi/13.3.1/../../../../arm-none-eabi/lib/thumb/v7e-m+fp/hard\libc_nano.a(libc_a-memset.o)
 .debug_frame   0x0000149c       0x2c C:/ST/STM32CubeIDE_2.0.0/STM32CubeIDE/plugins/com.st.stm32cube.ide.mcu.externaltools.gnu-tools-for-stm32.13.3.rel1.win32_1.0.100.202509120712/tools/bin/../lib/gcc/arm-none-eabi/13.3.1/../../../../arm-none-eabi/lib/thumb/v7e-m+fp/hard\libc_nano.a(libc_a-init.o)
 .debug_frame   0x000014c8       0xac C:/ST/STM32CubeIDE_2.0.0/STM32CubeIDE/plugins/com.st.stm32cube.ide.mcu.externaltools.gnu-tools-for-stm32.13.3.rel1.win32_1.0.100.202509120712/tools/bin/../lib/gcc/arm-none-eabi/13.3.1/thumb/v7e-m+fp/hard\libgcc.a(_arm_addsubdf3.o)
 .debug_frame   0x00001574       0x50 C:/ST/STM32CubeIDE_2.0.0/STM32CubeIDE/plugins/com.st.stm32cube.ide.mcu.externaltools.gnu-tools-for-stm32.13.3.rel1.win32_1.0.100.202509120712/tools/bin/../lib/gcc/arm-none-eabi/13.3.1/thumb/v7e-m+fp/hard\libgcc.a(_arm_muldivdf3.o)
 .debug_frame   0x000015c4       0x24 C:/ST/STM32CubeIDE_2.0.0/STM32CubeIDE/plugins/com.st.stm32cube.ide.mcu.externaltools.gnu-tools-for-stm32.13.3.rel1.win32_1.0.100.202509120712/tools/bin/../lib/gcc/arm-none-eabi/13.3.1/thumb/v7e-m+fp/hard\libgcc.a(_arm_truncdfsf2.o)

.debug_ranges   0x00000000       0x20
 .debug_ranges  0x00000000       0x20 startup/startup_stm32f411xe.o
